>>> matrix_divided = __import__('2-matrix_divided').matrix_divided
>>> matrix =[[6, 8, 10],[12, 14, 16]]
>>> div = 2
>>> matrix_divided(matrix, div)
[[3.0, 4.0, 5.0], [6.0, 7.0, 8.0]]

Note that quotients are rounded to a maximum of two decimal places

>>> matrix = [ [1, 2, 3], [4, 5, 6]]
>>> matrix_divided(matrix, 3)
[[0.33, 0.67, 1.0], [1.33, 1.67, 2.0]]

The original matrix is left unchanged.

>>> matrix = [[1.1, -2.2, 3.3], [4.4, 5.5, -6.6]]
>>> matrix_divided(matrix, 3)
[[0.37, -0.73, 1.1], [1.47, 1.83, -2.2]]

>>> matrix = [[1, 2, 3, 4], [5, 6, 7]]
>>> matrix_divided(matrix, 3)
Traceback (most recent call last):
TypeError: Each row of the matrix must have the same size

>>> matrix = [[1, 2, 3], [4, 5, 6]]
>>> matrix_divided(matrix, "not a number")
Traceback (most recent call last):
TypeError: div must be a number

>>> matrix_divided(matrix, None)
Traceback (most recent call last):
TypeError: div must be a number

>>> matrix_divided(matrix, 0)
Traceback (most recent call last):
ZeroDivisionError: division by zero

>>> matrix = [[1, 2, 3], [4, 5, 6]]
>>> type(matrix_divided(matrix, 3))
<class 'list'>

>>> matrix = [[1, 2, 3], [4, 5]]
>>> matrix_divided(matrix, 3)
Traceback (most recent call last):
TypeError: Each row of the matrix must have the same size

>>> matrix = [[1, 2, 54.0], [24, 35.5, 6]]
>>> matrix_divided(matrix, 'Monty Python')
Traceback (most recent call last):
TypeError: div must be a number

>>> matrix = [[1, 2, 54.0], [24, 35.5, 6]]
>>> matrix_divided(matrix, None)
Traceback (most recent call last):
TypeError: div must be a number

>>> matrix = [['1', '2', '3'], ['4', '5', '6']]
>>> matrix_divided(matrix, 3)
Traceback (most recent call last):
TypeError: matrix must be a matrix (list of lists) of integers/floats

>>> matrix = []
>>> type(matrix_divided(matrix, 3))
Traceback (most recent call last):
TypeError: matrix must be a matrix (list of lists) of integers/floats

 >>> matrix = [[1, 2, 54.0], [24, 35.5, 6]]
>>> matrix_divided(matrix, float('nan'))
Traceback (most recent call last):
TypeError: div must be a number
